260929 18:12:06 mysqld_safe Starting mariadbd daemon with databases from /config/databases
2026-09-29 18:12:06 0 [Note] Starting MariaDB 11.4.5-MariaDB-log source revision 0771110266ff5c04216af4bf1243c65f8c67ccf4 server_uid PrlWby0UGjOUDYPsy8JWM34KcZ0= as process 518
2026-09-29 18:12:06 0 [Note] InnoDB: Compressed tables use zlib 1.3.1
2026-09-29 18:12:06 0 [Note] InnoDB: Number of transaction pools: 1
2026-09-29 18:12:06 0 [Note] InnoDB: Using ARMv8 crc32 + pmull instructions
2026-09-29 18:12:06 0 [Note] InnoDB: Using Linux native AIO
2026-09-29 18:12:06 0 [Note] InnoDB: Initializing buffer pool, total size = 256.000MiB, chunk size = 4.000MiB
2026-09-29 18:12:06 0 [Note] InnoDB: Completed initialization of buffer pool
2026-09-29 18:12:06 0 [Note] InnoDB: File system buffers for log disabled (block size=512 bytes)
2026-09-29 18:12:06 0 [Note] InnoDB: End of log at LSN=47763
2026-09-29 18:12:06 0 [Note] InnoDB: Opened 3 undo tablespaces
2026-09-29 18:12:06 0 [Note] InnoDB: 128 rollback segments in 3 undo tablespaces are active.
2026-09-29 18:12:06 0 [Note] InnoDB: Setting file './ibtmp1' size to 12.000MiB. Physically writing the file full; Please wait ...
2026-09-29 18:12:06 0 [Note] InnoDB: File './ibtmp1' size is now 12.000MiB.
2026-09-29 18:12:06 0 [Note] InnoDB: log sequence number 47763; transaction id 14
2026-09-29 18:12:06 0 [Note] Plugin 'FEEDBACK' is disabled.
2026-09-29 18:12:06 0 [Note] Plugin 'wsrep-provider' is disabled.
2026-09-29 18:12:06 0 [Note] InnoDB: Loading buffer pool(s) from /config/databases/ib_buffer_pool
2026-09-29 18:12:06 0 [Note] InnoDB: Buffer pool(s) load completed at 260929 18:12:06
2026-09-29 18:12:11 0 [Note] Server socket created on IP: '0.0.0.0'.
2026-09-29 18:12:11 0 [Note] Server socket created on IP: '::'.
2026-09-29 18:12:11 0 [Note] mariadbd: Event Scheduler: Loaded 0 events
2026-09-29 18:12:11 0 [Note] /usr/bin/mariadbd: ready for connections.
Version: '11.4.5-MariaDB-log'  socket: '/run/mysqld/mysqld.sock'  port: 3306  Alpine Linux
2026-09-29 18:12:11 4 [Warning] Aborted connection 4 to db: 'unconnected' user: 'unauthenticated' host: 'localhost' (This connection closed normally without authentication)
2026-09-29 18:13:00 0 [Note] /usr/bin/mariadbd (initiated by: unknown): Normal shutdown
2026-09-29 18:13:00 0 [Note] InnoDB: FTS optimize thread exiting.
2026-09-29 18:13:00 0 [Note] InnoDB: Starting shutdown...
2026-09-29 18:13:00 0 [Note] InnoDB: Dumping buffer pool(s) to /config/databases/ib_buffer_pool
2026-09-29 18:13:00 0 [Note] InnoDB: Buffer pool(s) dump completed at 260929 18:13:00
2026-09-29 18:13:01 0 [Note] InnoDB: Removed temporary tablespace data file: "./ibtmp1"
2026-09-29 18:13:01 0 [Note] InnoDB: Shutdown completed; log sequence number 47763; transaction id 15
2026-09-29 18:13:01 0 [Note] /usr/bin/mariadbd: Shutdown complete
260929 18:13:01 mysqld_safe mysqld from pid file /run/mysqld/mysqld.pid ended
260929 18:15:27 mysqld_safe Starting mariadbd daemon with databases from /config/databases
2026-09-29 18:15:27 0 [Note] Starting MariaDB 11.4.5-MariaDB-log source revision 0771110266ff5c04216af4bf1243c65f8c67ccf4 server_uid pX5g9ipdI/unHu0kjULZkMvwzCY= as process 427
2026-09-29 18:15:27 0 [Note] InnoDB: Compressed tables use zlib 1.3.1
2026-09-29 18:15:27 0 [Note] InnoDB: Number of transaction pools: 1
2026-09-29 18:15:27 0 [Note] InnoDB: Using ARMv8 crc32 + pmull instructions
2026-09-29 18:15:27 0 [Note] InnoDB: Using Linux native AIO
2026-09-29 18:15:27 0 [Note] InnoDB: Initializing buffer pool, total size = 256.000MiB, chunk size = 4.000MiB
2026-09-29 18:15:27 0 [Note] InnoDB: Completed initialization of buffer pool
2026-09-29 18:15:27 0 [Note] InnoDB: File system buffers for log disabled (block size=512 bytes)
2026-09-29 18:15:28 0 [Note] InnoDB: End of log at LSN=47763
2026-09-29 18:15:28 0 [Note] InnoDB: Opened 3 undo tablespaces
2026-09-29 18:15:28 0 [Note] InnoDB: 128 rollback segments in 3 undo tablespaces are active.
2026-09-29 18:15:28 0 [Note] InnoDB: Setting file './ibtmp1' size to 12.000MiB. Physically writing the file full; Please wait ...
2026-09-29 18:15:28 0 [Note] InnoDB: File './ibtmp1' size is now 12.000MiB.
2026-09-29 18:15:28 0 [Note] InnoDB: log sequence number 47763; transaction id 14
2026-09-29 18:15:28 0 [Note] InnoDB: Loading buffer pool(s) from /config/databases/ib_buffer_pool
2026-09-29 18:15:28 0 [Note] Plugin 'FEEDBACK' is disabled.
2026-09-29 18:15:28 0 [Note] Plugin 'wsrep-provider' is disabled.
2026-09-29 18:15:28 0 [Note] InnoDB: Buffer pool(s) load completed at 260929 18:15:28
2026-09-29 18:15:31 0 [Note] Server socket created on IP: '0.0.0.0'.
2026-09-29 18:15:31 0 [Note] Server socket created on IP: '::'.
2026-09-29 18:15:31 0 [Note] mariadbd: Event Scheduler: Loaded 0 events
2026-09-29 18:15:31 0 [Note] /usr/bin/mariadbd: ready for connections.
Version: '11.4.5-MariaDB-log'  socket: '/run/mysqld/mysqld.sock'  port: 3306  Alpine Linux
2026-09-29 18:15:31 4 [Warning] Aborted connection 4 to db: 'unconnected' user: 'unauthenticated' host: 'localhost' (This connection closed normally without authentication)
2026-09-29 18:15:31 6 [Warning] Access denied for user 'root'@'localhost' (using password: YES)
2026-09-29 18:15:43 10 [Warning] Access denied for user 'booklore'@'booklore.booklorev2_default' (using password: YES)
2026-09-29 18:15:57 13 [Warning] Access denied for user 'booklore'@'booklore.booklorev2_default' (using password: YES)
2026-09-29 18:16:03 0 [Note] /usr/bin/mariadbd (initiated by: unknown): Normal shutdown
2026-09-29 18:16:03 0 [Note] InnoDB: FTS optimize thread exiting.
2026-09-29 18:16:03 0 [Note] InnoDB: Starting shutdown...
2026-09-29 18:16:03 0 [Note] InnoDB: Dumping buffer pool(s) to /config/databases/ib_buffer_pool
2026-09-29 18:16:03 0 [Note] InnoDB: Buffer pool(s) dump completed at 260929 18:16:03
2026-09-29 18:16:03 0 [Note] InnoDB: Removed temporary tablespace data file: "./ibtmp1"
2026-09-29 18:16:03 0 [Note] InnoDB: Shutdown completed; log sequence number 47763; transaction id 15
2026-09-29 18:16:03 0 [Note] /usr/bin/mariadbd: Shutdown complete
260929 18:16:03 mysqld_safe mysqld from pid file /run/mysqld/mysqld.pid ended
260929 23:09:57 mysqld_safe Starting mariadbd daemon with databases from /config/databases
2026-09-29 23:09:57 0 [Note] Starting MariaDB 11.4.5-MariaDB-log source revision 0771110266ff5c04216af4bf1243c65f8c67ccf4 server_uid cS4mOsFusFEZXjsO4TtaEsznsxw= as process 421
2026-09-29 23:09:57 0 [Note] InnoDB: Compressed tables use zlib 1.3.1
2026-09-29 23:09:57 0 [Note] InnoDB: Number of transaction pools: 1
2026-09-29 23:09:57 0 [Note] InnoDB: Using ARMv8 crc32 + pmull instructions
2026-09-29 23:09:57 0 [Note] InnoDB: Using Linux native AIO
2026-09-29 23:09:57 0 [Note] InnoDB: Initializing buffer pool, total size = 256.000MiB, chunk size = 4.000MiB
2026-09-29 23:09:57 0 [Note] InnoDB: Completed initialization of buffer pool
2026-09-29 23:09:57 0 [Note] InnoDB: File system buffers for log disabled (block size=512 bytes)
2026-09-29 23:09:57 0 [Note] InnoDB: End of log at LSN=47763
2026-09-29 23:09:57 0 [Note] InnoDB: Opened 3 undo tablespaces
2026-09-29 23:09:57 0 [Note] InnoDB: 128 rollback segments in 3 undo tablespaces are active.
2026-09-29 23:09:57 0 [Note] InnoDB: Setting file './ibtmp1' size to 12.000MiB. Physically writing the file full; Please wait ...
2026-09-29 23:09:57 0 [Note] InnoDB: File './ibtmp1' size is now 12.000MiB.
2026-09-29 23:09:57 0 [Note] InnoDB: log sequence number 47763; transaction id 14
2026-09-29 23:09:57 0 [Note] InnoDB: Loading buffer pool(s) from /config/databases/ib_buffer_pool
2026-09-29 23:09:57 0 [Note] Plugin 'FEEDBACK' is disabled.
2026-09-29 23:09:57 0 [Note] Plugin 'wsrep-provider' is disabled.
2026-09-29 23:09:57 0 [Note] InnoDB: Buffer pool(s) load completed at 260929 23:09:57
2026-09-29 23:09:58 0 [Note] Server socket created on IP: '0.0.0.0'.
2026-09-29 23:09:58 0 [Note] Server socket created on IP: '::'.
2026-09-29 23:09:58 0 [Note] mariadbd: Event Scheduler: Loaded 0 events
2026-09-29 23:09:58 0 [Note] /usr/bin/mariadbd: ready for connections.
Version: '11.4.5-MariaDB-log'  socket: '/run/mysqld/mysqld.sock'  port: 3306  Alpine Linux
2026-09-29 23:09:59 4 [Warning] Aborted connection 4 to db: 'unconnected' user: 'unauthenticated' host: 'localhost' (This connection closed normally without authentication)
2026-09-29 23:09:59 6 [Warning] Access denied for user 'root'@'localhost' (using password: YES)
2026-09-29 23:10:13 10 [Warning] Access denied for user 'booklore'@'booklore.booklorev2_default' (using password: YES)
2026-09-29 23:10:25 13 [Warning] Access denied for user 'booklore'@'booklore.booklorev2_default' (using password: YES)
2026-09-29 23:10:27 0 [Note] /usr/bin/mariadbd (initiated by: unknown): Normal shutdown
2026-09-29 23:10:27 0 [Note] InnoDB: FTS optimize thread exiting.
2026-09-29 23:10:27 0 [Note] InnoDB: Starting shutdown...
2026-09-29 23:10:27 0 [Note] InnoDB: Dumping buffer pool(s) to /config/databases/ib_buffer_pool
2026-09-29 23:10:27 0 [Note] InnoDB: Buffer pool(s) dump completed at 260929 23:10:27
2026-09-29 23:10:28 0 [Note] InnoDB: Removed temporary tablespace data file: "./ibtmp1"
2026-09-29 23:10:28 0 [Note] InnoDB: Shutdown completed; log sequence number 47763; transaction id 15
2026-09-29 23:10:28 0 [Note] /usr/bin/mariadbd: Shutdown complete
260929 23:10:28 mysqld_safe mysqld from pid file /run/mysqld/mysqld.pid ended
